// Jest Snapshot v1, https://goo.gl/fbAQLP

exports[`navigation snapshots navigation renders correctly 1`] = `
<nav
  className="navbar navbar-expand-lg navbar-light bg-dark"
>
  <span
    className="navbar-brand"
  >
    <a
      className="home-button"
      href="/"
      onClick={[Function]}
    >
      Home
    </a>
  </span>
  <button
    aria-controls="basic-navbar-nav"
    aria-label="Toggle navigation"
    className="navbar-toggler collapsed"
    onClick={[Function]}
    type="button"
  >
    <span
      className="navbar-toggler-icon"
    />
  </button>
  <div
    aria-expanded={null}
    className="navbar-collapse collapse"
    id="basic-navbar-nav"
  >
    <form
      className="ml-auto form-inline"
      onSubmit={[Function]}
    >
      <input
        className="mr-sm-2 form-control"
        onChange={[Function]}
        placeholder="Username"
        type="text"
        value=""
      />
      <a
        href="/search/"
        onClick={[Function]}
      >
        <button
          className="btn btn-outline-success"
          disabled={false}
          type="button"
        >
          Search
        </button>
      </a>
    </form>
  </div>
</nav>
`;
